// Jest Snapshot v1, https://goo.gl/fbAQLP

exports[`ApiClient test suite getEntitlements tests should throw a FatalError if no data and no errors returned 1`] = `"getEntitlements did not return any result or any error."`;

exports[`ApiClient test suite getEntitlementsConsumption tests should throw a FatalError if no data and no errors returned 1`] = `"getEntitlementsConsumption did not return any result or any error."`;

exports[`ApiClient test suite redeemEntitlements tests should throw a FatalError if no data and no errors returned 1`] = `"redeemEntitlements did not return any result or any error."`;
